// Jest Snapshot v1, https://goo.gl/fbAQLP

exports[`manage getProjectBalances E2E should retrieve all project balances for a specific project: manage-getProjectBalances-response-structure 1`] = `
{
  "error": null,
  "result": {
    "balances": [
      {
        "amount": "<number>",
        "balance_id": "<string>",
        "purchase": "<string>",
        "units": "<string>"
      }
    ]
  }
}
`;
