// Jest Snapshot v1, https://goo.gl/fbAQLP

exports[`manage getProjectInvites E2E should retrieve all project invitations for a specific project: manage-getProjectInvites-response-structure 1`] = `
{
  "error": null,
  "result": {
    "invites": [
      {
        "email": "<string>",
        "scope": "<string>"
      }
    ]
  }
}
`;
