// Jest Snapshot v1, https://goo.gl/fbAQLP

exports[`manage getProjectUsageFields E2E should retrieve usage fields for a specific project with basic options: manage-getProjectUsageFields-response-structure 1`] = `
{
  "error": null,
  "result": {
    "features": [
      "<string>"
    ],
    "languages": [
      "<string>"
    ],
    "models": [],
    "processing_methods": [
      "<string>"
    ],
    "tags": [
      "<string>"
    ]
  }
}
`;
