// Jest Snapshot v1, https://goo.gl/fbAQLP

exports[`manage updateProject E2E should update a project with new details: manage-updateProject-response-structure 1`] = `
{
  "error": null,
  "result": {
    "message": "<string>"
  }
}
`;
