// Jest Snapshot v1, https://goo.gl/fbAQLP

exports[`selfhosted deleteCredentials E2E should delete self-hosted credentials: selfhosted-deleteCredentials-response-structure 1`] = `
{
  "message": "<string>"
}
`;
