// Jest Snapshot v1, https://goo.gl/fbAQLP

exports[`speak request E2E should generate speech from text and return audio data: speak-request-response-headers 1`] = `
{
  "content-length": "<string>",
  "content-type": "<string>",
  "x-dg-model": "<string>",
  "x-dg-request-id": "<string>"
}
`;
