// Jest Snapshot v1, https://goo.gl/fbAQLP

exports[`listen transcribeFileCallback E2E should transcribe file with callback and return async response: listen-transcribe-file-callback-response-structure 1`] = `
{
  "error": null,
  "result": {
    "request_id": "<string>"
  }
}
`;
