// Jest Snapshot v1, https://goo.gl/fbAQLP

exports[`manage leaveProject E2E should leave a project: manage-leaveProject-response-structure 1`] = `
{
  "message": "<string>"
}
`;
