// Jest Snapshot v1, https://goo.gl/fbAQLP

exports[`manage sendProjectInvite E2E should send a project invitation to a single email: manage-sendProjectInvite-response-structure 1`] = `
{
  "error": null,
  "result": {
    "message": "<string>"
  }
}
`;
