// Jest Snapshot v1, https://goo.gl/fbAQLP

exports[`manage getProject E2E should retrieve a specific project by ID: manage-getProject-response-structure 1`] = `
{
  "error": null,
  "result": {
    "company": "<string>",
    "name": "<string>",
    "project_id": "<string>"
  }
}
`;
