// Jest Snapshot v1, https://goo.gl/fbAQLP

exports[`read analyzeUrlCallback E2E should analyze URL with callback and return async response: read-analyze-url-callback-response-structure 1`] = `
{
  "error": null,
  "result": {
    "request_id": "<string>"
  }
}
`;
