// Jest Snapshot v1, https://goo.gl/fbAQLP

exports[`read analyzeText E2E should analyze text synchronously: read-analyzeText-response-structure 1`] = `
{
  "metadata": {
    "created": "<string>",
    "intents": {
      "model_metadata": {},
      "model_name": "<string>",
      "model_uuid": "<string>"
    },
    "language": "<string>",
    "request_id": "<string>",
    "sentiment": {
      "model_metadata": {},
      "model_name": "<string>",
      "model_uuid": "<string>"
    },
    "summary": {
      "model_metadata": {},
      "model_name": "<string>",
      "model_uuid": "<string>"
    }
  },
  "results": {
    "intents": {
      "segments": [
        {
          "end_word": "<number>",
          "intents": [
            {
              "confidence": "<number>",
              "intent": "<string>"
            }
          ],
          "start_word": "<number>",
          "text": "<string>"
        }
      ]
    },
    "sentiments": {
      "average": {
        "sentiment": "<string>",
        "sentiment_score": "<number>"
      },
      "segments": [
        {
          "end_word": "<number>",
          "sentiment": "<string>",
          "sentiment_score": "<number>",
          "start_word": "<number>",
          "text": "<string>"
        }
      ]
    },
    "summary": {
      "short": "<string>"
    }
  }
}
`;
